../oneTBB/build/compile.log